[INFO] Scanning for projects...
[INFO] 
[INFO] -----------< it.unifi.bautur.store:inventory-management-ats >-----------
[INFO] Building inventory-management-ats 0.0.1-SNAPSHOT
[INFO]   from pom.xml
[INFO] --------------------------------[ jar ]---------------------------------
[INFO] 
[INFO] --- clean:3.2.0:clean (default-clean) @ inventory-management-ats ---
[INFO] Deleting /Users/turganaliyev/inventory-management-ats/target
[INFO] 
[INFO] --- jacoco:0.8.11:prepare-agent (default) @ inventory-management-ats ---
[INFO] argLine set to -javaagent:/Users/turganaliyev/.m2/repository/org/jacoco/org.jacoco.agent/0.8.11/org.jacoco.agent-0.8.11-runtime.jar=destfile=/Users/turganaliyev/inventory-management-ats/target/jacoco.exec
[INFO] 
[INFO] --- resources:3.4.0:resources (default-resources) @ inventory-management-ats ---
[INFO] Copying 1 resource from src/main/resources to target/classes
[INFO] 
[INFO] --- compiler:3.15.0:compile (default-compile) @ inventory-management-ats ---
[INFO] Recompiling the module because of changed source code.
[INFO] Compiling 13 source files with javac [debug release 17] to target/classes
[INFO] 
[INFO] --- resources:3.4.0:testResources (default-testResources) @ inventory-management-ats ---
[INFO] Copying 1 resource from src/test/resources to target/test-classes
[INFO] 
[INFO] --- compiler:3.15.0:testCompile (default-testCompile) @ inventory-management-ats ---
[INFO] Recompiling the module because of changed dependency.
[INFO] Compiling 7 source files with javac [debug release 17] to target/test-classes
[INFO] 
[INFO] --- surefire:3.2.5:test (default-test) @ inventory-management-ats ---
[INFO] Using auto detected provider org.apache.maven.surefire.junitplatform.JUnitPlatformProvider
[INFO] 
[INFO] -------------------------------------------------------
[INFO]  T E S T S
[INFO] -------------------------------------------------------
[INFO] Running it.unifi.bautur.store.model.CategoryTest
[INFO] Tests run: 4, Failures: 0, Errors: 0, Skipped: 0, Time elapsed: 0.076 s -- in it.unifi.bautur.store.model.CategoryTest
[INFO] Running it.unifi.bautur.store.model.ProductTest
[INFO] Tests run: 8, Failures: 0, Errors: 0, Skipped: 0, Time elapsed: 0.006 s -- in it.unifi.bautur.store.model.ProductTest
[INFO] Running it.unifi.bautur.store.service.InventoryServiceTest
[INFO] Tests run: 11, Failures: 0, Errors: 0, Skipped: 0, Time elapsed: 0.688 s -- in it.unifi.bautur.store.service.InventoryServiceTest
[INFO] 
[INFO] Results:
[INFO] 
[INFO] Tests run: 23, Failures: 0, Errors: 0, Skipped: 0
[INFO] 
[INFO] 
[INFO] --- jar:3.5.0:jar (default-jar) @ inventory-management-ats ---
[INFO] Building jar: /Users/turganaliyev/inventory-management-ats/target/inventory-management-ats-0.0.1-SNAPSHOT.jar
[INFO] 
[INFO] --- failsafe:3.2.5:integration-test (default) @ inventory-management-ats ---
[INFO] Using auto detected provider org.apache.maven.surefire.junitplatform.JUnitPlatformProvider
[INFO] 
[INFO] -------------------------------------------------------
[INFO]  T E S T S
[INFO] -------------------------------------------------------
[INFO] Running it.unifi.bautur.store.repository.jpa.CategoryJpaRepositoryIT
[INFO] Tests run: 3, Failures: 0, Errors: 0, Skipped: 0, Time elapsed: 2.854 s -- in it.unifi.bautur.store.repository.jpa.CategoryJpaRepositoryIT
[INFO] Running it.unifi.bautur.store.repository.jpa.JpaTransactionManagerIT
[INFO] Tests run: 3, Failures: 0, Errors: 0, Skipped: 0, Time elapsed: 0.054 s -- in it.unifi.bautur.store.repository.jpa.JpaTransactionManagerIT
[INFO] Running it.unifi.bautur.store.repository.jpa.ProductJpaRepositoryIT
[INFO] Tests run: 7, Failures: 0, Errors: 0, Skipped: 0, Time elapsed: 0.031 s -- in it.unifi.bautur.store.repository.jpa.ProductJpaRepositoryIT
[INFO] 
[INFO] Results:
[INFO] 
[INFO] Tests run: 13, Failures: 0, Errors: 0, Skipped: 0
[INFO] 
[INFO] 
[INFO] --- failsafe:3.2.5:verify (default) @ inventory-management-ats ---
[INFO] 
[INFO] --- jacoco:0.8.11:report (report) @ inventory-management-ats ---
[INFO] Loading execution data file /Users/turganaliyev/inventory-management-ats/target/jacoco.exec
[INFO] Analyzed bundle 'inventory-management-ats' with 7 classes
[INFO] ------------------------------------------------------------------------
[INFO] BUILD SUCCESS
[INFO] ------------------------------------------------------------------------
[INFO] Total time:  6.220 s
[INFO] Finished at: 2026-09-03T19:10:46+02:00
[INFO] ------------------------------------------------------------------------
